08 03 22 17 47error scraping /granny-flat-melbourne-bundoora-3083-P1080623
08 03 22 17 47error scraping /share-house-melbourne-southbank-3006-P1162469
08 03 22 17 50error scraping /granny-flat-melbourne-knoxfield-3180-P1161953
08 03 22 17 52error scraping /whole-property-melbourne-st-kilda-east-3183-P757987
08 03 22 17 58error scraping /granny-flat-melbourne-frankston-south-3199-P1160586
08 03 22 17 59error scraping /granny-flat-melbourne-essendon-3040-P538216
08 03 22 17 59error scraping /granny-flat-melbourne-ringwood-east-3135-P1110798
08 03 22 18 02error scraping /granny-flat-melbourne-dandenong-north-3175-P943766
08 03 22 18 02error scraping /whole-property-melbourne-balaclava-3183-P664216
08 03 22 18 04error scraping /granny-flat-melbourne-narre-warren-east-3804-P952286
08 03 22 18 04error scraping /granny-flat-melbourne-blackburn-north-3130-P1150987
08 03 22 18 05error scraping /whole-property-melbourne-clayton-3168-P1159226
08 03 22 18 05error scraping /granny-flat-melbourne-mill-park-3082-P1159183
08 03 22 18 18error scraping /whole-property-melbourne-elwood-3184-P715037
08 03 22 18 18error scraping /whole-property-melbourne-elwood-3184-P436029
24 03 22 18 56 error scraping /granny-flat-melbourne-dandenong-north-3175-P943766
24 03 22 18 59 error scraping /granny-flat-melbourne-dandenong-north-3175-P943766
24 03 22 19 02 error scraping /granny-flat-melbourne-boronia-3155-P1067492
24 03 22 19 03 error scraping /share-house-melbourne-southbank-3006-P1045335
24 03 22 19 03 error scraping /granny-flat-melbourne-pascoe-vale-3044-P911670
24 03 22 19 05 error scraping /granny-flat-melbourne-bentleigh-east-3165-P389320
24 03 22 19 07 error scraping /granny-flat-melbourne-clayton-3168-P493212
24 03 22 19 11 error scraping /granny-flat-melbourne-doncaster-3108-P968241
24 03 22 19 11 error scraping /share-house-melbourne-south-yarra-3141-P1166318
24 03 22 19 11 error scraping /whole-property-melbourne-3000-P1166220
24 03 22 19 12 error scraping /granny-flat-melbourne-burwood-3125-P954545
24 03 22 19 14 error scraping /granny-flat-melbourne-hoppers-crossing-3029-P1165354
24 03 22 19 18 error scraping /granny-flat-melbourne-bundoora-3083-P1080623
24 03 22 19 19 error scraping /granny-flat-melbourne-knoxfield-3180-P1161953
24 03 22 19 22 error scraping /granny-flat-melbourne-essendon-3040-P538216
24 03 22 19 24 error scraping /whole-property-melbourne-clayton-3168-P1159226
28 03 22 22 43 error scraping /granny-flat-melbourne-dandenong-north-3175-P943766
28 03 22 22 46 error scraping /granny-flat-melbourne-hoppers-crossing-3029-P1165354
28 03 22 22 47 error scraping /granny-flat-melbourne-frankston-3199-P1063495
28 03 22 22 49 error scraping /granny-flat-melbourne-knoxfield-3180-P1161953
28 03 22 22 49 error scraping /share-house-melbourne-southbank-3006-P1045335
28 03 22 22 56 error scraping /granny-flat-melbourne-boronia-3155-P1067492
28 03 22 22 58 error scraping /granny-flat-melbourne-bentleigh-east-3165-P389320
28 03 22 22 59 error scraping /granny-flat-melbourne-clayton-3168-P493212
28 03 22 23 02 error scraping /granny-flat-melbourne-doncaster-3108-P968241
28 03 22 23 02 error scraping /whole-property-melbourne-3000-P1166220
28 03 22 23 03 error scraping /granny-flat-melbourne-burwood-3125-P954545
28 03 22 23 10 error scraping /granny-flat-melbourne-essendon-3040-P538216
28 03 22 23 12 error scraping /whole-property-melbourne-clayton-3168-P1159226
02 04 22 10 34 error scraping /whole-property-melbourne-windsor-3181-P705776
02 04 22 10 37 error scraping /granny-flat-melbourne-box-hill-north-3129-P754666
02 04 22 10 37 error scraping /share-house-melbourne-southbank-3006-P1172581
02 04 22 10 38 error scraping /granny-flat-melbourne-dandenong-north-3175-P943766
02 04 22 10 43 error scraping /whole-property-melbourne-elwood-3184-P436029
02 04 22 10 43 error scraping /whole-property-melbourne-balaclava-3183-P664216
02 04 22 10 43 error scraping /whole-property-melbourne-elwood-3184-P715037
02 04 22 10 43 error scraping /granny-flat-melbourne-bentleigh-east-3165-P389320
02 04 22 10 44 error scraping /granny-flat-melbourne-scoresby-3179-P1032952
02 04 22 10 47 error scraping /granny-flat-melbourne-hoppers-crossing-3029-P1165354
02 04 22 10 48 error scraping /granny-flat-melbourne-frankston-3199-P1063495
02 04 22 10 49 error scraping /granny-flat-melbourne-knoxfield-3180-P1161953
02 04 22 10 49 error scraping /share-house-melbourne-southbank-3006-P1045335
02 04 22 10 53 error scraping /granny-flat-melbourne-boronia-3155-P1067492
02 04 22 10 56 error scraping /granny-flat-melbourne-clayton-3168-P493212
02 04 22 10 58 error scraping /granny-flat-melbourne-doncaster-3108-P968241
02 04 22 10 58 error scraping /whole-property-melbourne-3000-P1166220
02 04 22 10 59 error scraping /granny-flat-melbourne-burwood-3125-P954545
02 04 22 11 04 error scraping /granny-flat-melbourne-essendon-3040-P538216
02 04 22 11 05 error scraping /whole-property-melbourne-clayton-3168-P1159226
09 04 22 10 08 error scraping /granny-flat-melbourne-box-hill-north-3129-P754666
09 04 22 10 12 error scraping /whole-property-melbourne-st-kilda-east-3183-P757987
09 04 22 10 13 error scraping /granny-flat-melbourne-frankston-3199-P1101350
09 04 22 10 13 error scraping /granny-flat-melbourne-dandenong-north-3175-P943766
09 04 22 10 16 error scraping /whole-property-melbourne-windsor-3181-P705776
09 04 22 10 21 error scraping /whole-property-melbourne-elwood-3184-P436029
09 04 22 10 21 error scraping /whole-property-melbourne-balaclava-3183-P664216
09 04 22 10 21 error scraping /whole-property-melbourne-elwood-3184-P715037
09 04 22 10 21 error scraping /granny-flat-melbourne-bentleigh-east-3165-P389320
09 04 22 10 24 error scraping /granny-flat-melbourne-frankston-3199-P1063495
09 04 22 10 24 error scraping /granny-flat-melbourne-knoxfield-3180-P1161953
09 04 22 10 29 error scraping /granny-flat-melbourne-doncaster-3108-P968241
09 04 22 10 30 error scraping /granny-flat-melbourne-burwood-3125-P954545
09 04 22 10 33 error scraping /granny-flat-melbourne-essendon-3040-P538216
09 04 22 10 35 error scraping /whole-property-melbourne-clayton-3168-P1159226
16 04 22 10 12 error scraping /share-house-melbourne-south-yarra-3141-P1177277
16 04 22 10 15 error scraping /granny-flat-melbourne-dandenong-north-3175-P943766
16 04 22 10 16 error scraping /granny-flat-melbourne-hoppers-crossing-3029-P1031622
16 04 22 10 21 error scraping /granny-flat-melbourne-box-hill-north-3129-P754666
16 04 22 10 23 error scraping /whole-property-melbourne-st-kilda-east-3183-P757987
16 04 22 10 23 error scraping /granny-flat-melbourne-frankston-3199-P1101350
16 04 22 10 26 error scraping /whole-property-melbourne-windsor-3181-P705776
16 04 22 10 28 error scraping /whole-property-melbourne-elwood-3184-P436029
16 04 22 10 28 error scraping /whole-property-melbourne-balaclava-3183-P664216
16 04 22 10 28 error scraping /whole-property-melbourne-elwood-3184-P715037
16 04 22 10 29 error scraping /granny-flat-melbourne-bentleigh-east-3165-P389320
16 04 22 10 30 error scraping /granny-flat-melbourne-frankston-3199-P1063495
16 04 22 10 30 error scraping /granny-flat-melbourne-knoxfield-3180-P1161953
16 04 22 10 34 error scraping /granny-flat-melbourne-doncaster-3108-P968241
16 04 22 10 34 error scraping /granny-flat-melbourne-burwood-3125-P954545
16 04 22 10 37 error scraping /granny-flat-melbourne-essendon-3040-P538216
16 04 22 10 37 error scraping /whole-property-melbourne-clayton-3168-P1159226
16 04 22 11 10 error scraping /granny-flat-sydney-coogee-2034-P215549
16 04 22 11 11 error scraping /granny-flat-sydney-parramatta-2150-P674039
16 04 22 11 12 error scraping /granny-flat-sydney-ryde-2112-P250650
16 04 22 11 13 error scraping /whole-property-sydney-russell-lea-2046-P1177893
16 04 22 11 13 error scraping /granny-flat-sydney-rockdale-2216-P932715
16 04 22 11 15 error scraping /whole-property-sydney-darlinghurst-2010-P1177535
16 04 22 11 20 error scraping /granny-flat-sydney-doonside-2767-P1029598
16 04 22 11 20 error scraping /granny-flat-sydney-allambie-heights-2100-P1148407
16 04 22 11 22 error scraping /granny-flat-sydney-smithfield-2164-P1000998
16 04 22 11 22 error scraping /granny-flat-sydney-marayong-2148-P844219
16 04 22 11 22 error scraping /share-house-sydney-bondi-junction-2022-P1087016
16 04 22 11 24 error scraping /granny-flat-sydney-kensington-2033-P197089
16 04 22 11 27 error scraping /granny-flat-sydney-botany-2019-P821443
16 04 22 11 31 error scraping /share-house-sydney-coogee-2034-P610863
16 04 22 11 31 error scraping /share-house-sydney-randwick-2031-P1168167
16 04 22 11 31 error scraping /granny-flat-sydney-revesby-2212-P924352
16 04 22 11 32 error scraping /granny-flat-sydney-north-strathfield-2137-P616687
16 04 22 11 34 error scraping /granny-flat-sydney-rockdale-2216-P527524
16 04 22 11 35 error scraping /granny-flat-sydney-epping-2121-P1074185
16 04 22 11 35 error scraping /granny-flat-sydney-ashbury-2193-P1148467
16 04 22 11 36 error scraping /granny-flat-sydney-mount-colah-2079-P689914
16 04 22 11 36 error scraping /granny-flat-sydney-rose-bay-2029-P903800
16 04 22 11 40 error scraping /granny-flat-sydney-rockdale-2216-P1164117
16 04 22 11 41 error scraping /granny-flat-sydney-riverview-2066-P813686
16 04 22 11 41 error scraping /granny-flat-sydney-hunters-hill-2110-P1154887
16 04 22 11 42 error scraping /granny-flat-sydney-kingsgrove-2208-P644652
16 04 22 11 42 error scraping /granny-flat-sydney-marsfield-2122-P814844
16 04 22 11 42 error scraping /granny-flat-sydney-pleasure-point-2172-P1085179
16 04 22 11 43 error scraping /granny-flat-sydney-bayview-2104-P1144581
16 04 22 11 43 error scraping /granny-flat-sydney-bass-hill-2197-P1073885
16 04 22 11 44 error scraping /granny-flat-sydney-condell-park-2200-P924039
16 04 22 11 45 error scraping /granny-flat-sydney-leumeah-2560-P1140883
16 04 22 11 46 error scraping /granny-flat-melbourne-doncaster-3108-P968241
16 04 22 11 51 error scraping /share-house-melbourne-south-yarra-3141-P1177277
16 04 22 11 54 error scraping /granny-flat-melbourne-dandenong-north-3175-P943766
16 04 22 11 55 error scraping /granny-flat-melbourne-hoppers-crossing-3029-P1031622
16 04 22 12 00 error scraping /granny-flat-melbourne-box-hill-north-3129-P754666
16 04 22 12 02 error scraping /whole-property-melbourne-st-kilda-east-3183-P757987
16 04 22 12 03 error scraping /granny-flat-melbourne-frankston-3199-P1101350
16 04 22 12 05 error scraping /whole-property-melbourne-windsor-3181-P705776
16 04 22 12 08 error scraping /whole-property-melbourne-elwood-3184-P436029
16 04 22 12 08 error scraping /whole-property-melbourne-balaclava-3183-P664216
16 04 22 12 08 error scraping /whole-property-melbourne-elwood-3184-P715037
16 04 22 12 08 error scraping /granny-flat-melbourne-bentleigh-east-3165-P389320
16 04 22 12 09 error scraping /granny-flat-melbourne-frankston-3199-P1063495
16 04 22 12 10 error scraping /granny-flat-melbourne-knoxfield-3180-P1161953
16 04 22 12 13 error scraping /granny-flat-melbourne-burwood-3125-P954545
16 04 22 12 16 error scraping /granny-flat-melbourne-essendon-3040-P538216
16 04 22 12 17 error scraping /whole-property-melbourne-clayton-3168-P1159226
16 04 22 12 22 error scraping /granny-flat-brisbane-grange-4051-P1159927
16 04 22 12 27 error scraping /granny-flat-brisbane-eight-mile-plains-4113-P1072727
16 04 22 12 30 error scraping /granny-flat-brisbane-redcliffe-4020-P1123011
16 04 22 12 38 error scraping /whole-property-brisbane-saint-lucia-4067-P1141385
16 04 22 12 39 error scraping /share-house-perth-warnbro-6169-P1177898
16 04 22 12 41 error scraping /granny-flat-perth-yokine-6060-P939577
16 04 22 12 47 error scraping /granny-flat-perth-swanbourne-6010-P1161206
23 04 22 10 06 error scraping /granny-flat-sydney-revesby-2212-P924352
23 04 22 10 08 error scraping /granny-flat-sydney-ashbury-2193-P1029492
23 04 22 10 09 error scraping /granny-flat-sydney-annandale-2038-P526312
23 04 22 10 10 error scraping /granny-flat-sydney-epping-2121-P1074185
23 04 22 10 14 error scraping /granny-flat-sydney-wentworthville-2145-P871749
23 04 22 10 16 error scraping /granny-flat-sydney-pleasure-point-2172-P1085179
23 04 22 10 16 error scraping /granny-flat-sydney-parramatta-2150-P674039
23 04 22 10 17 error scraping /granny-flat-sydney-penshurst-2222-P1096715
23 04 22 10 19 error scraping /share-house-sydney-bellevue-hill-2023-P1177390
23 04 22 10 20 error scraping /granny-flat-sydney-coogee-2034-P215549
23 04 22 10 21 error scraping /granny-flat-sydney-ryde-2112-P250650
23 04 22 10 21 error scraping /whole-property-sydney-russell-lea-2046-P1177893
23 04 22 10 22 error scraping /whole-property-sydney-darlinghurst-2010-P1177535
23 04 22 10 24 error scraping /granny-flat-sydney-doonside-2767-P1029598
23 04 22 10 25 error scraping /granny-flat-sydney-allambie-heights-2100-P1148407
23 04 22 10 25 error scraping /granny-flat-sydney-smithfield-2164-P1000998
23 04 22 10 25 error scraping /share-house-sydney-bondi-junction-2022-P1087016
23 04 22 10 26 error scraping /share-house-sydney-bondi-junction-2022-P1087016
23 04 22 10 26 error scraping /granny-flat-sydney-kensington-2033-P197089
23 04 22 10 30 error scraping /share-house-sydney-randwick-2031-P1168167
23 04 22 10 30 error scraping /granny-flat-sydney-north-strathfield-2137-P616687
23 04 22 10 32 error scraping /granny-flat-sydney-rockdale-2216-P527524
23 04 22 10 32 error scraping /granny-flat-sydney-ashbury-2193-P1148467
23 04 22 10 33 error scraping /granny-flat-sydney-mount-colah-2079-P689914
23 04 22 10 36 error scraping /granny-flat-sydney-rockdale-2216-P1164117
23 04 22 10 36 error scraping /granny-flat-sydney-riverview-2066-P813686
23 04 22 10 37 error scraping /granny-flat-sydney-hunters-hill-2110-P1154887
23 04 22 10 37 error scraping /granny-flat-sydney-kingsgrove-2208-P644652
23 04 22 10 37 error scraping /granny-flat-sydney-marsfield-2122-P814844
23 04 22 10 38 error scraping /granny-flat-sydney-bayview-2104-P1144581
23 04 22 10 38 error scraping /granny-flat-sydney-bass-hill-2197-P1073885
23 04 22 10 39 error scraping /granny-flat-sydney-leumeah-2560-P1140883
23 04 22 10 45 error scraping /share-house-melbourne-fitzroy-3065-P1178678
23 04 22 10 46 error scraping /granny-flat-melbourne-bentleigh-east-3165-P389320
23 04 22 10 49 error scraping /granny-flat-melbourne-dandenong-north-3175-P943766
23 04 22 10 52 error scraping /granny-flat-melbourne-doncaster-3108-P968241
23 04 22 10 55 error scraping /share-house-melbourne-south-yarra-3141-P1177277
23 04 22 10 58 error scraping /granny-flat-melbourne-hoppers-crossing-3029-P1031622
23 04 22 11 01 error scraping /whole-property-melbourne-st-kilda-east-3183-P757987
23 04 22 11 02 error scraping /granny-flat-melbourne-frankston-3199-P1101350
23 04 22 11 03 error scraping /whole-property-melbourne-windsor-3181-P705776
23 04 22 11 05 error scraping /whole-property-melbourne-elwood-3184-P436029
23 04 22 11 05 error scraping /whole-property-melbourne-balaclava-3183-P664216
23 04 22 11 05 error scraping /whole-property-melbourne-elwood-3184-P715037
23 04 22 11 06 error scraping /granny-flat-melbourne-frankston-3199-P1063495
23 04 22 11 07 error scraping /granny-flat-melbourne-knoxfield-3180-P1161953
23 04 22 11 09 error scraping /granny-flat-melbourne-burwood-3125-P954545
23 04 22 11 11 error scraping /granny-flat-melbourne-essendon-3040-P538216
23 04 22 11 12 error scraping /whole-property-melbourne-clayton-3168-P1159226
23 04 22 11 18 error scraping /granny-flat-brisbane-forest-lake-4078-P731316
23 04 22 11 19 error scraping /granny-flat-brisbane-jindalee-4074-P1118558
23 04 22 11 23 error scraping /granny-flat-brisbane-grange-4051-P1159927
23 04 22 11 25 error scraping /granny-flat-brisbane-eight-mile-plains-4113-P1072727
23 04 22 11 32 error scraping /whole-property-brisbane-saint-lucia-4067-P1141385
23 04 22 11 37 error scraping /granny-flat-perth-swanbourne-6010-P1161206
23 04 22 11 37 error scraping /share-house-perth-warnbro-6169-P1177898
30 04 22 10 11 error scraping /whole-property-sydney-manly-2095-P1182981
30 04 22 10 12 error scraping /granny-flat-sydney-hornsby-2077-P549436
30 04 22 10 18 error scraping /whole-property-sydney-erskineville-2043-P1181707
30 04 22 10 21 error scraping /granny-flat-sydney-coogee-2034-P215549
30 04 22 10 21 error scraping /granny-flat-sydney-riverview-2066-P813686
30 04 22 10 21 error scraping /granny-flat-sydney-ashbury-2193-P1029492
30 04 22 10 22 error scraping /granny-flat-sydney-wentworthville-2145-P871749
30 04 22 10 22 error scraping /granny-flat-sydney-revesby-2212-P924352
30 04 22 10 24 error scraping /granny-flat-sydney-annandale-2038-P526312
30 04 22 10 24 error scraping /granny-flat-sydney-epping-2121-P1074185
30 04 22 10 26 error scraping /granny-flat-sydney-pleasure-point-2172-P1085179
30 04 22 10 27 error scraping /granny-flat-sydney-parramatta-2150-P674039
30 04 22 10 28 error scraping /share-house-sydney-bellevue-hill-2023-P1177390
30 04 22 10 29 error scraping /granny-flat-sydney-ryde-2112-P250650
30 04 22 10 29 error scraping /whole-property-sydney-russell-lea-2046-P1177893
30 04 22 10 29 error scraping /whole-property-sydney-darlinghurst-2010-P1177535
30 04 22 10 31 error scraping /granny-flat-sydney-doonside-2767-P1029598
30 04 22 10 31 error scraping /granny-flat-sydney-allambie-heights-2100-P1148407
30 04 22 10 31 error scraping /granny-flat-sydney-smithfield-2164-P1000998
30 04 22 10 31 error scraping /share-house-sydney-bondi-junction-2022-P1087016
30 04 22 10 32 error scraping /granny-flat-sydney-kensington-2033-P197089
30 04 22 10 34 error scraping /share-house-sydney-randwick-2031-P1168167
30 04 22 10 34 error scraping /granny-flat-sydney-north-strathfield-2137-P616687
30 04 22 10 35 error scraping /granny-flat-sydney-ashbury-2193-P1148467
30 04 22 10 36 error scraping /granny-flat-sydney-mount-colah-2079-P689914
30 04 22 10 38 error scraping /granny-flat-sydney-hunters-hill-2110-P1154887
30 04 22 10 39 error scraping /granny-flat-sydney-kingsgrove-2208-P644652
30 04 22 10 39 error scraping /granny-flat-sydney-marsfield-2122-P814844
30 04 22 10 39 error scraping /granny-flat-sydney-bayview-2104-P1144581
30 04 22 10 39 error scraping /granny-flat-sydney-bass-hill-2197-P1073885
30 04 22 10 42 error scraping /granny-flat-melbourne-ivanhoe-3079-P634730
30 04 22 10 42 error scraping /share-house-melbourne-carnegie-3163-P1183329
30 04 22 10 43 error scraping /granny-flat-melbourne-dandenong-north-3175-P943766
30 04 22 10 53 error scraping /granny-flat-melbourne-malvern-east-3145-P818360
30 04 22 10 53 error scraping /granny-flat-melbourne-croydon-3136-P855489
30 04 22 10 58 error scraping /granny-flat-melbourne-bentleigh-east-3165-P389320
30 04 22 11 01 error scraping /granny-flat-melbourne-doncaster-3108-P968241
30 04 22 11 04 error scraping /granny-flat-melbourne-hoppers-crossing-3029-P1031622
30 04 22 11 06 error scraping /whole-property-melbourne-st-kilda-east-3183-P757987
30 04 22 11 07 error scraping /whole-property-melbourne-windsor-3181-P705776
30 04 22 11 08 error scraping /whole-property-melbourne-elwood-3184-P436029
30 04 22 11 08 error scraping /whole-property-melbourne-balaclava-3183-P664216
30 04 22 11 08 error scraping /whole-property-melbourne-elwood-3184-P715037
30 04 22 11 09 error scraping /granny-flat-melbourne-frankston-3199-P1063495
30 04 22 11 10 error scraping /granny-flat-melbourne-knoxfield-3180-P1161953
30 04 22 11 11 error scraping /granny-flat-melbourne-burwood-3125-P954545
30 04 22 11 13 error scraping /granny-flat-melbourne-essendon-3040-P538216
30 04 22 11 15 error scraping /granny-flat-brisbane-aspley-4034-P545170
30 04 22 11 17 error scraping /granny-flat-brisbane-forest-lake-4078-P731316
30 04 22 11 19 error scraping /granny-flat-brisbane-bald-hills-4036-P1136991
30 04 22 11 20 error scraping /granny-flat-brisbane-mount-gravatt-east-4122-P167487
30 04 22 11 21 error scraping /granny-flat-brisbane-taringa-4068-P855103
30 04 22 11 27 error scraping /granny-flat-brisbane-grange-4051-P1159927
30 04 22 11 28 error scraping /granny-flat-brisbane-eight-mile-plains-4113-P1072727
30 04 22 11 33 error scraping /whole-property-brisbane-saint-lucia-4067-P1141385
30 04 22 11 36 error scraping /granny-flat-perth-ocean-reef-6027-P946960
30 04 22 11 39 error scraping /granny-flat-perth-swanbourne-6010-P1161206
30 04 22 11 40 error scraping /share-house-perth-warnbro-6169-P1177898
